Reusing configuration cache.
> Task :composeApp:kmpPartiallyResolvedDependenciesChecker
> Task :composeApp:generateComposeResClass UP-TO-DATE
> Task :composeApp:generateExpectResourceCollectorsForCommonMain UP-TO-DATE
> Task :composeApp:checkKotlinGradlePluginConfigurationErrors SKIPPED
> Task :composeApp:copyNonXmlValueResourcesForCommonMain UP-TO-DATE
> Task :composeApp:convertXmlValueResourcesForCommonMain NO-SOURCE
> Task :composeApp:transformCommonMainDependenciesMetadata UP-TO-DATE
> Task :composeApp:prepareComposeResourcesTaskForCommonMain UP-TO-DATE
> Task :composeApp:generateResourceAccessorsForCommonMain UP-TO-DATE

> Task :composeApp:compileCommonMainKotlinMetadata FAILED
.\gradlew : e: 
file:///E:/sourcecode/GreenmindMobileCap2/composeApp/src/commonMain/kotlin/com/vodang/greenmind/FormatExt.kt:4:48 
Unresolved reference 'format'.
At line:1 char:1
+ .\gradlew :composeApp:compileCommonMainKotlinMetadata > compile_error ...
+ ~~~~~~~~~~~~~~~~~~~~~~~~~~~~~~~~~~~~~~~~~~~~~~~~~~~~~~~~~~~~~~~~~~~~~
    + CategoryInfo          : NotSpecified: (e: file:///E:/s...rence 'format'.:String) [], RemoteException
    + FullyQualifiedErrorId : NativeCommandError
 
e: file:///E:/sourcecode/GreenmindMobileCap2/composeApp/src/commonMain/kotlin/com/vodang/greenmind/FormatExt.kt:7:47 
Unresolved reference 'format'.
e: file:///E:/sourcecode/GreenmindMobileCap2/composeApp/src/commonMain/kotlin/com/vodang/greenmind/FormatExt.kt:10:52 
Unresolved reference 'format'.
e: file:///E:/sourcecode/GreenmindMobileCap2/composeApp/src/commonMain/kotlin/com/vodang/greenmind/api/households/House
holdsApi.kt:185:12 Return type mismatch: expected 'HouseholdResponse', actual 'Unit'.
e: file:///E:/sourcecode/GreenmindMobileCap2/composeApp/src/commonMain/kotlin/com/vodang/greenmind/api/households/House
holdsApi.kt:197:12 Return type mismatch: expected 'HouseholdMessageResponse', actual 'Unit'.
e: file:///E:/sourcecode/GreenmindMobileCap2/composeApp/src/commonMain/kotlin/com/vodang/greenmind/api/households/House
holdsApi.kt:237:12 Return type mismatch: expected 'DetectTrashHistoryResponse', actual 'Unit'.
e: file:///E:/sourcecode/GreenmindMobileCap2/composeApp/src/commonMain/kotlin/com/vodang/greenmind/api/households/House
holdsApi.kt:249:12 Return type mismatch: expected 'DetectTrashHistoryResponse', actual 'Unit'.
e: file:///E:/sourcecode/GreenmindMobileCap2/composeApp/src/commonMain/kotlin/com/vodang/greenmind/api/households/House
holdsApi.kt:261:12 Return type mismatch: expected 'AllHouseholdsResponse', actual 'Unit'.
e: file:///E:/sourcecode/GreenmindMobileCap2/composeApp/src/commonMain/kotlin/com/vodang/greenmind/api/households/House
holdsApi.kt:273:12 Return type mismatch: expected 'DetectTrashHistoryResponse', actual 'Unit'.
e: file:///E:/sourcecode/GreenmindMobileCap2/composeApp/src/commonMain/kotlin/com/vodang/greenmind/api/households/House
holdsApi.kt:300:12 Return type mismatch: expected 'DetectTrashHistoryResponse', actual 'Unit'.
e: file:///E:/sourcecode/GreenmindMobileCap2/composeApp/src/commonMain/kotlin/com/vodang/greenmind/api/households/House
holdsApi.kt:312:12 Return type mismatch: expected 'DetectTrashHistoryResponse', actual 'Unit'.
e: file:///E:/sourcecode/GreenmindMobileCap2/composeApp/src/commonMain/kotlin/com/vodang/greenmind/bill/BillListScreen.
kt:50:22 Unresolved reference 'format'.
e: file:///E:/sourcecode/GreenmindMobileCap2/composeApp/src/commonMain/kotlin/com/vodang/greenmind/home/components/Poll
utionTrendCard.kt:184:32 Unresolved reference 'format'.
e: file:///E:/sourcecode/GreenmindMobileCap2/composeApp/src/commonMain/kotlin/com/vodang/greenmind/home/components/Poll
utionTrendCard.kt:186:31 Function invocation 'size(...)' expected.
e: file:///E:/sourcecode/GreenmindMobileCap2/composeApp/src/commonMain/kotlin/com/vodang/greenmind/home/components/Poll
utionTrendCard.kt:186:36 Function invocation 'width(...)' expected.
e: file:///E:/sourcecode/GreenmindMobileCap2/composeApp/src/commonMain/kotlin/com/vodang/greenmind/home/components/Poll
utionTrendCard.kt:187:31 Function invocation 'size(...)' expected.
e: file:///E:/sourcecode/GreenmindMobileCap2/composeApp/src/commonMain/kotlin/com/vodang/greenmind/home/components/Poll
utionTrendCard.kt:187:36 Function invocation 'height(...)' expected.
e: file:///E:/sourcecode/GreenmindMobileCap2/composeApp/src/commonMain/kotlin/com/vodang/greenmind/home/components/Poll
utionTrendCard.kt:260:36 Unresolved reference 'format'.
e: file:///E:/sourcecode/GreenmindMobileCap2/composeApp/src/commonMain/kotlin/com/vodang/greenmind/home/components/Poll
utionTrendCard.kt:262:35 Function invocation 'size(...)' expected.
e: file:///E:/sourcecode/GreenmindMobileCap2/composeApp/src/commonMain/kotlin/com/vodang/greenmind/home/components/Poll
utionTrendCard.kt:262:40 Function invocation 'width(...)' expected.
e: file:///E:/sourcecode/GreenmindMobileCap2/composeApp/src/commonMain/kotlin/com/vodang/greenmind/home/components/Poll
utionTrendCard.kt:263:35 Function invocation 'size(...)' expected.
e: file:///E:/sourcecode/GreenmindMobileCap2/composeApp/src/commonMain/kotlin/com/vodang/greenmind/home/components/Poll
utionTrendCard.kt:263:40 Function invocation 'height(...)' expected.
e: file:///E:/sourcecode/GreenmindMobileCap2/composeApp/src/commonMain/kotlin/com/vodang/greenmind/householdwaste/House
holdWasteScreen.kt:14:37 Conflicting import: imported name 'Color' is ambiguous.
e: file:///E:/sourcecode/GreenmindMobileCap2/composeApp/src/commonMain/kotlin/com/vodang/greenmind/householdwaste/House
holdWasteScreen.kt:15:38 Conflicting import: imported name 'FontWeight' is ambiguous.
e: file:///E:/sourcecode/GreenmindMobileCap2/composeApp/src/commonMain/kotlin/com/vodang/greenmind/householdwaste/House
holdWasteScreen.kt:26:37 Conflicting import: imported name 'Color' is ambiguous.
e: file:///E:/sourcecode/GreenmindMobileCap2/composeApp/src/commonMain/kotlin/com/vodang/greenmind/householdwaste/House
holdWasteScreen.kt:27:38 Conflicting import: imported name 'FontWeight' is ambiguous.
e: file:///E:/sourcecode/GreenmindMobileCap2/composeApp/src/commonMain/kotlin/com/vodang/greenmind/wasteanalytics/Waste
AnalyticsScreen.kt:460:42 Unresolved reference 'format'.
e: file:///E:/sourcecode/GreenmindMobileCap2/composeApp/src/commonMain/kotlin/com/vodang/greenmind/wasteanalytics/Waste
AnalyticsScreen.kt:462:76 Function invocation 'size(...)' expected.
e: file:///E:/sourcecode/GreenmindMobileCap2/composeApp/src/commonMain/kotlin/com/vodang/greenmind/wasteanalytics/Waste
AnalyticsScreen.kt:462:81 Function invocation 'width()' expected.
e: file:///E:/sourcecode/GreenmindMobileCap2/composeApp/src/commonMain/kotlin/com/vodang/greenmind/wasteanalytics/Waste
AnalyticsScreen.kt:462:116 Function invocation 'size(...)' expected.
e: file:///E:/sourcecode/GreenmindMobileCap2/composeApp/src/commonMain/kotlin/com/vodang/greenmind/wasteanalytics/Waste
AnalyticsScreen.kt:462:121 Function invocation 'height()' expected.
e: file:///E:/sourcecode/GreenmindMobileCap2/composeApp/src/commonMain/kotlin/com/vodang/greenmind/wasteanalytics/Waste
AnalyticsScreen.kt:495:50 Unresolved reference 'format'.
e: file:///E:/sourcecode/GreenmindMobileCap2/composeApp/src/commonMain/kotlin/com/vodang/greenmind/wasteanalytics/Waste
AnalyticsScreen.kt:497:52 Function invocation 'size(...)' expected.
e: file:///E:/sourcecode/GreenmindMobileCap2/composeApp/src/commonMain/kotlin/com/vodang/greenmind/wasteanalytics/Waste
AnalyticsScreen.kt:497:57 Function invocation 'width()' expected.
e: file:///E:/sourcecode/GreenmindMobileCap2/composeApp/src/commonMain/kotlin/com/vodang/greenmind/wasteanalytics/Waste
AnalyticsScreen.kt:497:90 Function invocation 'size(...)' expected.
e: file:///E:/sourcecode/GreenmindMobileCap2/composeApp/src/commonMain/kotlin/com/vodang/greenmind/wasteanalytics/Waste
AnalyticsScreen.kt:497:95 Function invocation 'width()' expected.
e: file:///E:/sourcecode/GreenmindMobileCap2/composeApp/src/commonMain/kotlin/com/vodang/greenmind/wasteanalytics/Waste
AnalyticsScreen.kt:498:52 Function invocation 'size(...)' expected.
e: file:///E:/sourcecode/GreenmindMobileCap2/composeApp/src/commonMain/kotlin/com/vodang/greenmind/wasteanalytics/Waste
AnalyticsScreen.kt:498:57 Function invocation 'height()' expected.

FAILURE: Build failed with an exception.

* What went wrong:
Execution failed for task ':composeApp:compileCommonMainKotlinMetadata'.
> A failure occurred while executing 
org.jetbrains.kotlin.compilerRunner.GradleCompilerRunnerWithWorkers$GradleKotlinCompilerWorkAction
   > Compilation error. See log for more details

* Try:
> Run with --stacktrace option to get the stack trace.
> Run with --info or --debug option to get more log output.
> Run with --scan to get full insights.
> Get more help at https://help.gradle.org.

BUILD FAILED in 7s
8 actionable tasks: 2 executed, 6 up-to-date
Configuration cache entry reused.
